key_point_id_1,key_point_id_2,evidence_id_1,evidence_id_2,evidence_1,evidence_2,topic,source_1,source_2,argument,stance_1,stance_2,label_1,label_2
kp_0_0,kp_0_0,evi_0_6,evi_0_3,"Rotashield, a vaccine for rotavirus (RV), was pulled from the market by the manufacturer nine months after it was introduced after it was discovered that the vaccine might have contributed to higher instances of intussusception (bowel obstruction).","The CDC reports that pneumonia can be caused by the chickenpox vaccine, and a “small possibility” exists that the flu vaccine could be associated with Guillain-Barré Syndrome, a disorder in which the person’s immune system attacks parts of the peripheral nervous system, in about one or two per million people vaccinated.",Routine child vaccinations should be mandatory,https://vaccines.procon.org/,https://vaccines.procon.org/,"Routine child vaccinations, or their side effects, are dangerous",-1.0,-1.0,1.0,1.0
kp_1_0,kp_1_0,evi_1_6,evi_1_0,"Like the Digital Services Act and Digital Markets Act, G.D.P.R. was hailed as landmark legislation. But since it took effect in 2018, there has been little action against Facebook, Google and others over their data-collection practices.","The groups wrote that, 'The FTC’s failure to enforce its order has resulted in the unlawful transfer of [87] million user records … [i]t is unconscionable that the FTC allowed this unprecedented disclosure of Americans’ personal data to occur. The FTC’s failure to act imperils not only privacy but democracy as well.'",Social media platforms should be regulated by the government,https://www.nytimes.com/2022/04/22/technology/european-union-social-media-law.html,https://epic.org/issues/consumer-privacy/social-media-privacy/,Social media regulation is not effective,-1.0,-1.0,1.0,1.0
kp_2_0,kp_2_0,evi_2_11,evi_2_1,"Additionally, at least six in ten Black adults (60%) and Hispanic adults (65%) report difficulty affording health care costs compared to about four in ten White adults (39%).","In another study, it was found that white teachers were more likely to give constructive feedback on essays if they believed the student who wrote it was white. Essays perceived to be written by Black or Latino students were given more praise and less guidance on how to improve their writing.",The USA is a good country to live in,https://www.kff.org/health-costs/issue-brief/americans-challenges-with-health-care-costs/,https://en.wikipedia.org/wiki/Educational_inequality_in_the_United_States,The US has unfair health and education policies,-1.0,-1.0,1.0,1.0
kp_1_1,kp_1_1,evi_1_13,evi_1_12,"Most also feel they have little or no control over how these entities use their personal information, according to a new survey of U.S. adults by Pew Research Center that explores how Americans feel about the state of privacy in the nation.","Some 81% of the public say that the potential risks they face because of data collection by companies outweigh the benefits, and 66% say the same about government data collection.",Social media platforms should be regulated by the government,https://www.pewresearch.org/internet/2019/11/15/americans-and-privacy-concerned-confused-and-feeling-lack-of-control-over-their-personal-information/,https://www.pewresearch.org/internet/2019/11/15/americans-and-privacy-concerned-confused-and-feeling-lack-of-control-over-their-personal-information/,Social media regulation harms privacy,-1.0,-1.0,1.0,1.0
kp_0_1,kp_0_1,evi_0_7,evi_0_12,"The First Amendment of the US Constitution states, 'Congress shall make no law respecting an establishment of religion, or prohibiting the free exercise thereof.'","Compulsory vaccination is an interference with the human right of bodily integrity, which is a part of the right to private life enshrined in the Universal Declaration of Human Rights as well as in the European Convention on Human Rights.",Routine child vaccinations should be mandatory,https://vaccines.procon.org/,https://theconversation.com/compulsory-vaccination-what-does-human-rights-law-say-167735,Mandatory vaccination contradicts basic rights,-1.0,-1.0,1.0,1.0
kp_1_2,kp_1_2,evi_1_18,evi_1_17,"Reuters reported last year that Facebook had committed to restrict significantly more Vietnamese content after Vietnam passed a cybersecurity law in 2018, and Amnesty International documented some of the impact on activists and journalists. CPJ noted that the law’s vague prohibitions on posts that would offend leaders, distort history, or cause confusion were a clear threat to press freedom.","For Peggy Hicks, Director of Thematic Engagement for UN Human Rights, nearly every country that has adopted laws relating to online content has jeopardised human rights in doing so.",Social media platforms should be regulated by the government,https://cpj.org/2022/01/social-media-regulation-affect-press/,https://www.ohchr.org/en/stories/2021/07/moderating-online-content-fighting-harm-or-silencing-dissent,Social media regulation harm freedom of speech and other democratic rights,-1.0,-1.0,1.0,1.0
kp_0_4,kp_0_4,evi_0_27,evi_0_26,"After introduction of the pneumococcal conjugate vaccine in 2000, several studies described a decrease in invasive pneumococcal disease in the United States. One year after its introduction, a group of investigators found a 69% drop in the rate of invasive disease in those of less than two years of age.","According to UNICEF, there were 500 cases of polio in 2014 worldwide (appearing only in three countries: Afghanistan, Nigeria, and Pakistan), down from 350,000 cases in 1988, thanks to vaccination programs",Routine child vaccinations should be mandatory,https://en.wikipedia.org/wiki/Pneumococcal_conjugate_vaccine,https://vaccines.procon.org/,Routine child vaccinations are effective,1.0,1.0,1.0,1.0
kp_1_3,kp_1_3,evi_1_20,evi_1_21,"When governments spend on public goods and merit goods, they may create excess bureaucracy and inefficiency.","In the U.S., debate grew heated regarding government intervention in the market system, as intervention can cause disruptions, including extending a recession or depression, as the market has a tendency to adjust naturally equalising inadequacies.",Social media platforms should be regulated by the government,https://www.economicshelp.org/blog/5735/economics/should-the-government-intervene-in-the-economy/,https://www.ehow.co.uk/info_8646461_advantages-disadvantages-government-intervention.html,The government should not intervene in the affairs of a private company,-1.0,-1.0,1.0,1.0
kp_0_5,kp_0_5,evi_0_30,evi_0_28,"It is estimated that full vaccination, from birth to adolescence, of all US children born in a given year would save 33,000 lives and prevent 14 million infections.","The World Health Organization (WHO) has estimated that vaccination prevents 3.5–5 million deaths per year, and up to 1.5 million children die each year due to diseases that could have been prevented by vaccination",Routine child vaccinations should be mandatory,https://en.wikipedia.org/wiki/Vaccine_hesitancy,https://en.wikipedia.org/wiki/Vaccination,Child vaccination saves lives,1.0,1.0,1.0,1.0
kp_1_4,kp_1_4,evi_1_29,evi_1_27,"We have seen political advertisements targeting minority communities during the 2016 election in the United States and in the United Kingdom to suppress voting and political participation. Ultimately, dark advertisements polarise voters, lower trust in institutions, and degrade the quality of our democracy.","This trust exists in many contexts today—for example, many people trust weather reports. But when the president of the United States has freely extolled the virtues of “truthful hyperbole,” incorrectly altered NOAA weather maps predicting the path of a hurricane, and then pressured NOAA officials to state that their predictions were consistent with the altered map, it is clear that even weather reports are subject to political pressures.",Social media platforms should be regulated by the government,https://www.carter-ruck.com/insight/fakes-news-authentic-views/responding-to-fake-news-through-regulation-and-automation/,https://dividedwefall.org/should-the-government-regulate-social-media/,Social media regulation can lead to political abuses by the government,-1.0,-1.0,1.0,1.0
kp_2_1,kp_2_1,evi_2_19,evi_2_14,"As Ezra Klein and other writers have noted, divisions between the two parties have intensified over time as various types of identities have become 'stacked' on top of people’s partisan identities.",The 2020 presidential election further highlighted these deep-seated divides. Supporters of Biden and Donald Trump believe the differences between them are about more than just politics and policies.,The USA is a good country to live in,https://www.pewresearch.org/fact-tank/2020/11/13/america-is-exceptional-in-the-nature-of-its-political-divide/,https://www.pewresearch.org/fact-tank/2020/11/13/america-is-exceptional-in-the-nature-of-its-political-divide/,The US has a problematic/divisive political system,-1.0,-1.0,1.0,1.0
kp_1_5,kp_1_5,evi_1_35,evi_1_34,"‘The government […] has a vital part to play and must act to put an end to the current ‘standards lottery’ approach to regulation. We concluded that self-regulation will no longer suffice. We must see an independent, statutory regulator established as soon as possible, one which has the full support of the Government to take strong and effective actions against companies who do not comply,‘' said Lamb in a statement. ‘'It is imperative that we take every step to protect young people online as we do offline.‘'","Concerns about social media aggravating poor youth mental health have been reignited following the death of a young British teenager, Molly Russell, whose social media feeds were reportedly filled with distressing content. Russell’s father has commented that he has 'no doubt that Instagram helped kill [his] daughter'.",Social media platforms should be regulated by the government,https://eandt.theiet.org/content/articles/2019/01/regulate-social-media-companies-to-protect-children-urge-mps/,https://eandt.theiet.org/content/articles/2019/01/regulate-social-media-companies-to-protect-children-urge-mps/,Social media regulation protects the younger audiences,1.0,1.0,1.0,1.0
kp_0_6,kp_0_6,evi_0_36,evi_0_39,"Of the 66 cases of measles reported in the U.S. in 2005, slightly over half were attributable to one unvaccinated teenager who became infected during a visit to Romania.[REF] This individual returned to a community with many unvaccinated children. The resulting outbreak infected 34 people, mostly children and virtually all unvaccinated; three of them were hospitalized.","In 2011, 49 US states did not meet the 92-94% herd immunity threshold for pertussis (whooping cough), resulting in a 2012 outbreak that sickened 48,277 people and was the biggest outbreak since 1955.",Routine child vaccinations should be mandatory,https://en.wikipedia.org/wiki/Measles_vaccine,https://vaccines.procon.org/,Routine child vaccinations are necessary to protect others,1.0,1.0,1.0,1.0
kp_1_6,kp_1_6,evi_1_39,evi_1_37,"Only 14 percent of Republicans believe the media report the news accurately, compared to 62 percent for Democrats. Even more disturbingly, 'a solid majority of the country believes major news organizations routinely produce false information.'","The European Union reached a deal on Saturday on landmark legislation that would force Facebook, YouTube and other internet services to combat misinformation, disclose how their services amplify divisive content and stop targeting online ads based on a person’s ethnicity, religion or sexual orientation.",Social media platforms should be regulated by the government,https://www.brookings.edu/research/how-to-combat-fake-news-and-disinformation/,https://www.nytimes.com/2022/04/22/technology/european-union-social-media-law.html,Social media regulation is necessary to deal with fake news,1.0,1.0,1.0,1.0
kp_1_7,kp_1_7,evi_1_44,evi_1_45,"Pending legislation like the Digital Services Act (DSA) and Digital Markets Act (DMA) in the European Union, seek to make social media platforms more transparent, giving users and legislators insights into the algorithms that promote some and demote other content. Proposed regulations also seek to outlaw so-called dark patterns, psychologically manipulative techniques designed to make it difficult to leave a service or designed to keep users engaged with social media platforms, in the same way that gambling machines seek to keep gamblers in the casino.","Digital Secretary Oliver Dowden said: 'I’m unashamedly pro tech but that can’t mean a tech free-for-all. Today Britain is setting the global standard for safety online with the most comprehensive approach yet to online regulation. We are entering a new age of accountability for tech to protect children and vulnerable users, to restore trust in this industry, and to enshrine in law safeguards for free speech.'",Social media platforms should be regulated by the government,https://ssir.org/articles/entry/the_good_web#,https://www.gov.uk/government/news/uk-leads-the-way-in-a-new-age-of-accountability-for-social-media,Social media regulation is beneficial to society at large,1.0,1.0,1.0,1.0
kp_0_7,kp_0_7,evi_0_41,evi_0_45,"Smallpox was a contagious and deadly disease, causing the deaths of 20–60% of infected adults and over 80% of infected children.[15] When smallpox was finally eradicated in 1979, it had already killed an estimated 300–500 million people in the 20th century.",Pertussis vaccines are effective at preventing illness and are recommended for routine use by the World Health Organization and the United States Centers for Disease Control and Prevention. The vaccine saved an estimated half a million lives in 2002.,Routine child vaccinations should be mandatory,https://en.wikipedia.org/wiki/Vaccination,https://en.wikipedia.org/wiki/Whooping_cough,Routine child vaccinations should be mandatory to prevent virus/disease spreading,1.0,1.0,1.0,1.0
kp_1_8,kp_1_8,evi_1_51,evi_1_49,"Richard Pursey, Group CEO & Co-Founder of safety technology company Safe To Net, said: ‘Online safety is a fundamental human right. That is why we are so proud to support the UK Government, who are leading the way in tackling online harm. The forthcoming legislation marks a pivotal moment for online safety, one that we hope will mean social platforms are made safe by design. This action can’t come soon enough: As our lives continue to become more digital, ourselves and our children are increasingly exposed to online threats. The UK safety-tech industry is leading the way with SafeToNet playing its part to make online harms a thing of the past.’","The law, called the Digital Services Act, is intended to address social media’s societal harms by requiring companies to more aggressively police their platforms for illicit content or risk billions of dollars in fines. Tech companies would be compelled to set up new policies and procedures to remove flagged hate speech, terrorist propaganda and other material defined as illegal by countries within the European Union.",Social media platforms should be regulated by the government,https://www.gov.uk/government/news/uk-leads-the-way-in-a-new-age-of-accountability-for-social-media,https://www.nytimes.com/2022/04/22/technology/european-union-social-media-law.html,Social media regulation can help to deal with negative content,1.0,1.0,1.0,1.0
kp_1_9,kp_1_9,evi_1_56,evi_1_59,"According to the Pew Trust, 13 percent of Americans have had their social media accounts taken over by an unauthorized user. Such hacks can result in stolen information and forced shares that redirect followers to malware, among other things.",The survey found that online social network accounts had been subject to unauthorized access in 60 million cases in 2011.,Social media platforms should be regulated by the government,https://sopa.tulane.edu/blog/key-social-media-privacy-issues-2020,https://en.wikipedia.org/wiki/Social_networking_service,Social media regulation is required to deal with malicious users,1.0,1.0,1.0,1.0
kp_0_8,kp_0_8,evi_0_46,evi_0_49,Vaccine-preventable diseases remain a common cause of childhood mortality with an estimated three million deaths each year.,"Vaccine hesitancy often results in disease outbreaks and deaths from vaccine-preventable diseases. Therefore, the World Health Organization characterizes vaccine hesitancy as one of the top ten global health threats.",Routine child vaccinations should be mandatory,https://en.wikipedia.org/wiki/Vaccination_policy,https://en.wikipedia.org/wiki/Vaccine_hesitancy,Children should not suffer from preventable diseases,1.0,1.0,1.0,1.0
kp_2_11,kp_2_11,evi_2_86,evi_2_87,"Income in 2015 was $56,300 per capita, one of the highest in the developed world.","In a column for National Review, Joseph Sullivan compares recent increases in living standards for major nations'If you want to answer questions about how economic wellbeing for individuals in a country has evolved, the actual change in the value of real GDP per capita may tell you more than the rate of its change. Why? Individuals buy goods and services with dollars and cents — not the rates of change that economists, politicians, and pundits tend to focus on when it comes to growth. …By this metric, between 2016 and 2019, economic growth in the U.S. was the best in its class. …The U.S. surpasses…its peers…by no small margin. It bests the silver medalist in this category, Finland, by $1,100. That is almost as big as the $1,160 that separates the runner-up from the peer country that comes in dead last, Sweden.'",The USA is a good country to live in,https://www.bbc.co.uk/bitesize/guides/z6frqp3/revision/2,https://fee.org/articles/thanks-to-economic-freedom-america-still-outperforms-other-nations-in-standard-of-living/,The US has a good economy/high standard of living,1.0,1.0,1.0,1.0
kp_2_12,kp_2_12,evi_2_95,evi_2_93,"With some exceptions, US universities are highly regarded around the globe and candidates with US Diplomas have a better chance to be picked by Employers. In a survey for top universities in the world from 2014, 40 out of 100 universities are located in the U.S, 7 of which are in the top 10.","In the United States, 92% of adults aged 25-64 have completed upper secondary education, higher than the OECD average of 79%.",The USA is a good country to live in,https://www.wemakescholars.com/blog/us-education-system,https://www.oecdbetterlifeindex.org/countries/united-states/,The US has a good health and education systems,1.0,1.0,1.0,1.0
kp_2_9,kp_2_9,evi_2_73,evi_2_77,Famous conservationist and wilderness writer John Muir called Yosemite nature’s temple.,"A country as vast as the United States is bound to be home to some incredible works of art by Mother Nature. From sprawling canyons and towering sand dunes to huge glaciers and picturesque valleys, these are the most incredible natural wonders found in the US.",The USA is a good country to live in,https://www.lonelyplanet.com/articles/usas-top-10-natural-wonders,https://www.loveexploring.com/gallerylist/90563/americas-most-stunning-natural-wonders,The US has a great environment/nature,1.0,1.0,1.0,1.0
kp_2_6,kp_2_6,evi_2_60,evi_2_63,"Tina Marie Griffin said 'I mean how our culture misuses digital technology and how the media spreads false information. I mean sexual immorality, video game violence, social pressures, and the influence of music, television, and films. '","The Modern culture of The US is one of little respect for one another. Most are only concerned about their own social status so that leaves little room to care about the dignity of others, and most of the times people will try to climb the social latter at the expense of others dignity.",The USA is a good country to live in,https://licensetoparent.org/2018/04/american-culture/,https://www.ipl.org/essay/Pros-And-Cons-Of-American-Culture-PCCZX4VXVYT,The US has a negative culture,-1.0,-1.0,1.0,1.0
kp_2_8,kp_2_8,evi_2_68,evi_2_69,"According to Human Rights: The Essential Reference, 'the American Declaration of Independence was the first civic document that met a modern definition of human rights.'","Our right to gather in peaceful public protest – in marches, rallies and other assemblies – is another core freedom guaranteed by the First Amendment. As a First Amendment scholar says in this overview, 'First Amendment freedoms ring hollow if government officials can repress expression that they fear will create a disturbance or offend. Unless there is real danger of imminent harm, assembly rights must be respected.'",The USA is a good country to live in,"https://en.wikipedia.org/wiki/Human_rights_in_the_United_States#:~:text=According%20to%20Human%20Rights%3A%20The,of%20religion%2C%20the%20right%20to",https://www.mtsu.edu/first-amendment/page/things-you-need,The US has freedoms/ democratic rights,1.0,1.0,1.0,1.0
kp_2_13,kp_2_13,evi_2_106,evi_2_105,"Nearly every region of the world has influenced American culture, most notably the English who colonized the country beginning in the early 1600s, according to the Library of Congress(opens in new tab). U.S. culture has also been shaped by the cultures of Indigenous Americans, Latin Americans, Africans and Asians.",The USA also has a social and cultural impact on immediate neighbours such as Mexico and Canada and on North/Central America as a whole.,The USA is a good country to live in,https://www.livescience.com/28945-american-culture.html,https://www.bbc.co.uk/bitesize/guides/z6frqp3/revision/2,The US has great people/culture,1.0,1.0,1.0,1.0
kp_2_2,kp_2_2,evi_2_23,evi_2_28,"Consequently, a struggling Man­hat­tan family with a yearly salary of $60,000, but a standard of living uncomfortably close to the federal poverty line, is taxed at a higher rate than a family with that same standard of living in Atlanta (making $26,000 a year).","While prices of some services and goods have fallen substantially, especially when bearing in mind increases in their quality, others—particularly prescription drugs, childcare, and education—have risen substantially, and in many cases, faster than incomes over the last several decades.",The USA is a good country to live in,https://www.csmonitor.com/Commentary/Opinion/2010/1119/Why-taxes-should-be-adjusted-for-geographic-cost-of-living,https://www.whitehouse.gov/cea/written-materials/2021/08/11/the-cost-of-living-in-america-helping-families-move-ahead/,The US has high taxation/high costs of living,-1.0,-1.0,1.0,1.0
kp_2_4,kp_2_4,evi_2_42,evi_2_48,"There are 750,000 Americans who are homeless on any given night, with one in five of them considered chronically homeless. The ranks of the sheltered homeless include disproportionate numbers of males, blacks, middle-aged people (i.e., ages 31-50), veterans, and disabled.","In 2021, the top 10 percent of Americans held nearly 70 percent of U.S. wealth, up from about 61 percent at the end of 1989. The share held by the next 40 percent fell correspondingly over that period. The bottom 50 percent (roughly sixty-three million families) owned about 2.5 percent of wealth in 2021.",The USA is a good country to live in,https://inequality.stanford.edu/publications/20-facts-about-us-inequality-everyone-should-know,https://www.cfr.org/backgrounder/us-inequality-debate,The US has inequality/poverty,-1.0,-1.0,1.0,1.0
kp_2_10,kp_2_10,evi_2_80,evi_2_83,"The US has been ranked the world's most powerful country for the seventh time, according to the latest rankings by the Wharton School at the University of Pennsylvania and US News & World Report.","With so many advantages and strengths, the U.S. towers over its rivals worldwide, despite misperceptions of the threats from China and Russia, says a Tufts political scientist.",The USA is a good country to live in,"https://www.businessinsider.com/us-most-powerful-country-most-people-think-unsafe-quality-life-2022-10?r=US&IR=T#:~:text=The%20US%20has%20been%20ranked,and%20US%20News%20%26%20World%20Report.",https://now.tufts.edu/2019/11/21/why-united-states-only-superpower,The US is a powerful country,1.0,1.0,1.0,1.0
kp_2_5,kp_2_5,evi_2_50,evi_2_51,"In this edition of the Poll, 65% of people in the USA said they were worried about violent crime as a threat to their safety, with a four-percentage-point increase (from 22% to 26%) in people feeling ‘very worried’ compared to 2019. This put worry about crime second to concern about road traffic collisions (73%).",Almost two in five people (39%) in the USA feel less safe than they did five years ago – up from 27% in 2019 – a new global report shows.,The USA is a good country to live in,https://www.lrfoundation.org.uk/en/news/why-us-residents-feeling-unsafe/,https://www.lrfoundation.org.uk/en/news/why-us-residents-feeling-unsafe/,The US is unsafe,-1.0,-1.0,1.0,1.0
kp_2_3,kp_2_3,evi_2_38,evi_2_2,"Nearly three in ten Asian Americans report experiencing racial slurs or jokes since the start of the pandemic, over 6,600 incidents of hate crime (including physical attacks on Asian elders) have been reported nationwide, and six women were murdered at three Asian-owned spas in Georgia in March 2021.","A range of scholars from at least the late 19th century to the present have produced arguments that white supremacy exists in U.S. school curriculum, oftentimes to the detriment of non-White students Americans' learning outcomes and the whole of American society.",The USA is a good country to live in,https://dceg.cancer.gov/about/diversity-inclusion/inclusivity-minute/2021/xenophobia-anti-asian-crime,https://en.wikipedia.org/wiki/Educational_inequality_in_the_United_States,The US is xenophobic/racist,-1.0,-1.0,1.0,1.0
kp_2_7,kp_2_7,evi_2_67,evi_2_66,"In terms of jobs in America, almost all of the biggest companies in the world have offices in the USA. You will have career opportunities in America you could not get anywhere else in the world. Just one internship for a big name could change your career.","Job growth has been surging in recent months, with July’s number, reported Friday, showing an addition of 943,000, the biggest spike since August 2020. That came on top of respective gains of 938,000 and 614,000 in the previous two months, for an impressive three-month average of 832,000.",The USA is a good country to live in,https://blog.v-hr.com/blog/5-reasons-to-work-in-the-usa,https://www.cnbc.com/2021/08/07/there-are-about-1-million-more-job-openings-than-people-looking-for-work.html,The US offers great opportunities for individuals,1.0,1.0,1.0,1.0
